→ 打开登录页 https://sms-web.platform10.me/
🌐 请求: GET https://sms-web.platform10.me/config/api-host.js
🌐 响应: 200 https://sms-web.platform10.me/config/api-host.js
🌐 请求: GET https://fonts.googleapis.com/css2?family=Roboto:wght@400;700&display=swap
🌐 响应: 200 https://fonts.googleapis.com/css2?family=Roboto:wght@400;700&display=swap
→ 填写用户名 / 密码
🌐 请求: POST https://sms-api.platform10.me/v1/login
→ 等待 OTP 输入框出现
🌐 响应: 200 https://sms-api.platform10.me/v1/login
→ 填入 Google Authenticator 动态码: 329514
→ 已填充单框 OTP 并触发事件
→ 提交 OTP 验证
→ 在 OTP 输入框按 Enter 尝试提交
🌐 请求: POST https://sms-api.platform10.me/v1/login
🌐 响应: 400 https://sms-api.platform10.me/v1/login
🌐 请求: POST https://sms-api.platform10.me/v1/login
→ 已通过 OTP 所在表单提交（click / requestSubmit）
→ 等待主界面加载...
🌐 响应: 400 https://sms-api.platform10.me/v1/login
❌ 错误: Page.wait_for_selector: Target page, context or browser has been closed
Call log:
  - waiting for locator(".side-bar") to be visible

Traceback (most recent call last):
  File "/Users/junchen/Downloads/ALL/Chatbox/otpsmslog.py", line 343, in <module>
    run_otp_login(headless=headless)
  File "/Users/junchen/Downloads/ALL/Chatbox/otpsmslog.py", line 291, in run_otp_login
    page.wait_for_selector(".side-bar", state="visible", timeout=15_000)
  File "/Users/junchen/.pyenv/versions/3.12.8/lib/python3.12/site-packages/playwright/sync_api/_generated.py", line 8217, in wait_for_selector
    self._sync(
  File "/Users/junchen/.pyenv/versions/3.12.8/lib/python3.12/site-packages/playwright/_impl/_sync_base.py", line 115, in _sync
    return task.result()
           ^^^^^^^^^^^^^
  File "/Users/junchen/.pyenv/versions/3.12.8/lib/python3.12/site-packages/playwright/_impl/_page.py", line 419, in wait_for_selector
    return await self._main_frame.wait_for_selector(**locals_to_params(locals()))
           ^^^^^^^^^^^^^^^^^^^^^^^^^^^^^^^^^^^^^^^^^^^^^^^^^^^^^^^^^^^^^^^^^^^^^^
  File "/Users/junchen/.pyenv/versions/3.12.8/lib/python3.12/site-packages/playwright/_impl/_frame.py", line 369, in wait_for_selector
    await self._channel.send(
  File "/Users/junchen/.pyenv/versions/3.12.8/lib/python3.12/site-packages/playwright/_impl/_connection.py", line 69, in send
    return await self._connection.wrap_api_call(
           ^^^^^^^^^^^^^^^^^^^^^^^^^^^^^^^^^^^^^
  File "/Users/junchen/.pyenv/versions/3.12.8/lib/python3.12/site-packages/playwright/_impl/_connection.py", line 559, in wrap_api_call
    raise rewrite_error(error, f"{parsed_st['apiName']}: {error}") from None
playwright._impl._errors.TargetClosedError: Page.wait_for_selector: Target page, context or browser has been closed
Call log:
  - waiting for locator(".side-bar") to be visible

